// Jest Snapshot v1, https://goo.gl/fbAQLP

exports[`Card Should render correctly 1`] = `
<div
  className="card"
>
  <h4>
    No More Card!
  </h4>
</div>
`;
